.\venv\Scripts\python.exe : Creating test database for alias 'default'...
At line:1 char:1
+ .\venv\Scripts\python.exe manage.py test assignments --settings=confi ...
+ ~~~~~~~~~~~~~~~~~~~~~~~~~~~~~~~~~~~~~~~~~~~~~~~~~~~~~~~~~~~~~~~~~~~~~
    + CategoryInfo          : NotSpecified: (Creating test d...as 'default'...:String) [], RemoteException
    + FullyQualifiedErrorId : NativeCommandError
 

C:\Users\telso\OneDrive\Documents\CampusHup_API\backend\venv\Lib\site-packages\django\core\handlers\base.py:62: 
UserWarning: No directory at: C:\Users\telso\OneDrive\Documents\CampusHup_API\backend\staticfiles\
  mw_instance = middleware(adapted_handler)
.........EEE...EEF
======================================================================
ERROR: test_faculty_can_grade_submission (assignments.tests.SubmissionTests.test_faculty_can_grade_submission)
----------------------------------------------------------------------
Traceback (most recent call last):
  File "C:\Users\telso\OneDrive\Documents\CampusHup_API\backend\assignments\tests.py", line 276, in 
test_faculty_can_grade_submission
    sub_id = submit_res.data["id"]
             ~~~~~~~~~~~~~~~^^^^^^
KeyError: 'id'

======================================================================
ERROR: test_grade_cannot_exceed_max_grade (assignments.tests.SubmissionTests.test_grade_cannot_exceed_max_grade)
----------------------------------------------------------------------
Traceback (most recent call last):
  File "C:\Users\telso\OneDrive\Documents\CampusHup_API\backend\assignments\tests.py", line 322, in 
test_grade_cannot_exceed_max_grade
    sub_id = submit_res.data["id"]
             ~~~~~~~~~~~~~~~^^^^^^
KeyError: 'id'

======================================================================
ERROR: test_late_submission_is_marked_late (assignments.tests.SubmissionTests.test_late_submission_is_marked_late)
----------------------------------------------------------------------
Traceback (most recent call last):
  File "C:\Users\telso\OneDrive\Documents\CampusHup_API\backend\assignments\tests.py", line 248, in 
test_late_submission_is_marked_late
    sub = Submission.objects.get(id=response.data["id"])
                                    ~~~~~~~~~~~~~^^^^^^
KeyError: 'id'

======================================================================
ERROR: test_student_cannot_grade_submission (assignments.tests.SubmissionTests.test_student_cannot_grade_submission)
----------------------------------------------------------------------
Traceback (most recent call last):
  File "C:\Users\telso\OneDrive\Documents\CampusHup_API\backend\assignments\tests.py", line 302, in 
test_student_cannot_grade_submission
    sub_id = submit_res.data["id"]
             ~~~~~~~~~~~~~~~^^^^^^
KeyError: 'id'

======================================================================
ERROR: test_student_cannot_submit_twice (assignments.tests.SubmissionTests.test_student_cannot_submit_twice)
----------------------------------------------------------------------
Traceback (most recent call last):
  File "C:\Users\telso\OneDrive\Documents\CampusHup_API\backend\assignments\tests.py", line 238, in 
test_student_cannot_submit_twice
    response = self._submit(self.student1)
  File "C:\Users\telso\OneDrive\Documents\CampusHup_API\backend\assignments\tests.py", line 214, in _submit
    return self.client.post(
           ~~~~~~~~~~~~~~~~^
        self.list_url,
        ^^^^^^^^^^^^^^
    ...<2 lines>...
        **auth_header(user)
        ^^^^^^^^^^^^^^^^^^^
    )
    ^
  File "C:\Users\telso\OneDrive\Documents\CampusHup_API\backend\venv\Lib\site-packages\rest_framework\test.py", line 
299, in post
    response = super().post(
        path, data=data, format=format, content_type=content_type, **extra)
  File "C:\Users\telso\OneDrive\Documents\CampusHup_API\backend\venv\Lib\site-packages\rest_framework\test.py", line 
213, in post
    return self.generic('POST', path, data, content_type, **extra)
           ~~~~~~~~~~~~^^^^^^^^^^^^^^^^^^^^^^^^^^^^^^^^^^^^^^^^^^^
  File "C:\Users\telso\OneDrive\Documents\CampusHup_API\backend\venv\Lib\site-packages\rest_framework\test.py", line 
237, in generic
    return super().generic(
           ~~~~~~~~~~~~~~~^
        method, path, data, content_type, secure, **extra)
        ^^^^^^^^^^^^^^^^^^^^^^^^^^^^^^^^^^^^^^^^^^^^^^^^^^
  File "C:\Users\telso\OneDrive\Documents\CampusHup_API\backend\venv\Lib\site-packages\django\test\client.py", line 
671, in generic
    return self.request(**r)
           ~~~~~~~~~~~~^^^^^
  File "C:\Users\telso\OneDrive\Documents\CampusHup_API\backend\venv\Lib\site-packages\rest_framework\test.py", line 
289, in request
    return super().request(**kwargs)
           ~~~~~~~~~~~~~~~^^^^^^^^^^
  File "C:\Users\telso\OneDrive\Documents\CampusHup_API\backend\venv\Lib\site-packages\rest_framework\test.py", line 
241, in request
    request = super().request(**kwargs)
  File "C:\Users\telso\OneDrive\Documents\CampusHup_API\backend\venv\Lib\site-packages\django\test\client.py", line 
1087, in request
    self.check_exception(response)
    ~~~~~~~~~~~~~~~~~~~~^^^^^^^^^^
  File "C:\Users\telso\OneDrive\Documents\CampusHup_API\backend\venv\Lib\site-packages\django\test\client.py", line 
802, in check_exception
    raise exc_value
  File 
"C:\Users\telso\OneDrive\Documents\CampusHup_API\backend\venv\Lib\site-packages\django\core\handlers\exception.py", 
line 55, in inner
    response = get_response(request)
  File "C:\Users\telso\OneDrive\Documents\CampusHup_API\backend\venv\Lib\site-packages\django\core\handlers\base.py", 
line 198, in _get_response
    response = wrapped_callback(request, *callback_args, **callback_kwargs)
  File 
"C:\Users\telso\OneDrive\Documents\CampusHup_API\backend\venv\Lib\site-packages\django\views\decorators\csrf.py", line 
65, in _view_wrapper
    return view_func(request, *args, **kwargs)
  File "C:\Users\telso\OneDrive\Documents\CampusHup_API\backend\venv\Lib\site-packages\rest_framework\viewsets.py", 
line 125, in view
    return self.dispatch(request, *args, **kwargs)
           ~~~~~~~~~~~~~^^^^^^^^^^^^^^^^^^^^^^^^^^
  File "C:\Users\telso\OneDrive\Documents\CampusHup_API\backend\venv\Lib\site-packages\rest_framework\views.py", line 
515, in dispatch
    response = self.handle_exception(exc)
  File "C:\Users\telso\OneDrive\Documents\CampusHup_API\backend\venv\Lib\site-packages\rest_framework\views.py", line 
475, in handle_exception
    self.raise_uncaught_exception(exc)
    ~~~~~~~~~~~~~~~~~~~~~~~~~~~~~^^^^^
  File "C:\Users\telso\OneDrive\Documents\CampusHup_API\backend\venv\Lib\site-packages\rest_framework\views.py", line 
486, in raise_uncaught_exception
    raise exc
  File "C:\Users\telso\OneDrive\Documents\CampusHup_API\backend\venv\Lib\site-packages\rest_framework\views.py", line 
512, in dispatch
    response = handler(request, *args, **kwargs)
  File "C:\Users\telso\OneDrive\Documents\CampusHup_API\backend\venv\Lib\site-packages\drf_spectacular\drainage.py", 
line 207, in wrapped_method
    return method(self, request, *args, **kwargs)
  File "C:\Users\telso\OneDrive\Documents\CampusHup_API\backend\venv\Lib\site-packages\rest_framework\mixins.py", line 
19, in create
    self.perform_create(serializer)
    ~~~~~~~~~~~~~~~~~~~^^^^^^^^^^^^
  File "C:\Users\telso\OneDrive\Documents\CampusHup_API\backend\assignments\views.py", line 379, in perform_create
    serializer.save(
    ~~~~~~~~~~~~~~~^
        assignment=assignment,
        ^^^^^^^^^^^^^^^^^^^^^^
        student=student_profile,
        ^^^^^^^^^^^^^^^^^^^^^^^^
    )
    ^
  File "C:\Users\telso\OneDrive\Documents\CampusHup_API\backend\venv\Lib\site-packages\rest_framework\serializers.py", 
line 210, in save
    self.instance = self.create(validated_data)
                    ~~~~~~~~~~~^^^^^^^^^^^^^^^^
  File "C:\Users\telso\OneDrive\Documents\CampusHup_API\backend\venv\Lib\site-packages\rest_framework\serializers.py", 
line 991, in create
    instance = ModelClass._default_manager.create(**validated_data)
  File "C:\Users\telso\OneDrive\Documents\CampusHup_API\backend\venv\Lib\site-packages\django\db\models\manager.py", 
line 87, in manager_method
    return getattr(self.get_queryset(), name)(*args, **kwargs)
           ~~~~~~~~~~~~~~~~~~~~~~~~~~~~~~~~~~^^^^^^^^^^^^^^^^^
  File "C:\Users\telso\OneDrive\Documents\CampusHup_API\backend\venv\Lib\site-packages\django\db\models\query.py", 
line 669, in create
    obj.save(force_insert=True, using=self.db)
    ~~~~~~~~^^^^^^^^^^^^^^^^^^^^^^^^^^^^^^^^^^
  File "C:\Users\telso\OneDrive\Documents\CampusHup_API\backend\assignments\models.py", line 113, in save
    self.full_clean()
    ~~~~~~~~~~~~~~~^^
  File "C:\Users\telso\OneDrive\Documents\CampusHup_API\backend\venv\Lib\site-packages\django\db\models\base.py", line 
1712, in full_clean
    raise ValidationError(errors)
django.core.exceptions.ValidationError: {'__all__': ['Submission with this Assignment and Student already exists.']}

======================================================================
FAIL: test_unenrolled_student_cannot_submit (assignments.tests.SubmissionTests.test_unenrolled_student_cannot_submit)
----------------------------------------------------------------------
Traceback (most recent call last):
  File "C:\Users\telso\OneDrive\Documents\CampusHup_API\backend\assignments\tests.py", line 234, in 
test_unenrolled_student_cannot_submit
    self.assertEqual(response.status_code, status.HTTP_403_FORBIDDEN)
    ~~~~~~~~~~~~~~~~^^^^^^^^^^^^^^^^^^^^^^^^^^^^^^^^^^^^^^^^^^^^^^^^^
AssertionError: 400 != 403

----------------------------------------------------------------------
Ran 18 tests in 43.919s

FAILED (failures=1, errors=5)
Found 18 test(s).
System check identified no issues (0 silenced).
Destroying test database for alias 'default'...

